// Jest Snapshot v1, https://goo.gl/fbAQLP

exports[`<Octicon> outputs <svg> 1`] = `
<svg
  className="octicon"
  height={16}
  role="img"
  style={
    Object {
      "display": "inline-block",
      "fill": "currentColor",
      "verticalAlign": "text-bottom",
    }
  }
  viewBox="0 0 16 16"
  width={16}
>
  <path />
</svg>
`;
